[2025-05-01T12:10:39.177+0100][gc,heap] Heap region size: 1M
[2025-05-01T12:10:39.206+0100][gc     ] Using G1
[2025-05-01T12:10:39.206+0100][gc,heap,coops] Heap address: 0x00000000c0000000, size: 1024 MB, Compressed Oops mode: 32-bit
[2025-05-01T12:10:39.207+0100][gc,cds       ] Mark closed archive regions in map: [0x00000000fff00000, 0x00000000fff6bff8]
[2025-05-01T12:10:39.207+0100][gc,cds       ] Mark open archive regions in map: [0x00000000ffe00000, 0x00000000ffe47ff8]
[2025-05-01T12:10:41.990+0100][gc,start     ] GC(0) Pause Young (Normal) (G1 Evacuation Pause)
[2025-05-01T12:10:41.991+0100][gc,task      ] GC(0) Using 4 workers of 4 for evacuation
[2025-05-01T12:10:42.017+0100][gc,mmu       ] GC(0) MMU target violated: 21.0ms (20.0ms/21.0ms)
[2025-05-01T12:10:42.017+0100][gc,phases    ] GC(0)   Pre Evacuate Collection Set: 0.0ms
[2025-05-01T12:10:42.017+0100][gc,phases    ] GC(0)   Evacuate Collection Set: 24.6ms
[2025-05-01T12:10:42.017+0100][gc,phases    ] GC(0)   Post Evacuate Collection Set: 1.1ms
[2025-05-01T12:10:42.017+0100][gc,phases    ] GC(0)   Other: 2.0ms
[2025-05-01T12:10:42.017+0100][gc,heap      ] GC(0) Eden regions: 51->0(44)
[2025-05-01T12:10:42.017+0100][gc,heap      ] GC(0) Survivor regions: 0->7(7)
[2025-05-01T12:10:42.017+0100][gc,heap      ] GC(0) Old regions: 2->2
[2025-05-01T12:10:42.017+0100][gc,heap      ] GC(0) Humongous regions: 0->0
[2025-05-01T12:10:42.017+0100][gc,metaspace ] GC(0) Metaspace: 15251K(15872K)->15251K(15872K) NonClass: 13170K(13568K)->13170K(13568K) Class: 2081K(2304K)->2081K(2304K)
[2025-05-01T12:10:42.017+0100][gc           ] GC(0) Pause Young (Normal) (G1 Evacuation Pause) 51M->7M(1024M) 27.795ms
[2025-05-01T12:10:42.017+0100][gc,cpu       ] GC(0) User=0.07s Sys=0.01s Real=0.03s
[2025-05-01T12:10:42.775+0100][gc,start     ] GC(1) Pause Young (Concurrent Start) (Metadata GC Threshold)
[2025-05-01T12:10:42.775+0100][gc,task      ] GC(1) Using 4 workers of 4 for evacuation
[2025-05-01T12:10:42.801+0100][gc,mmu       ] GC(1) MMU target violated: 21.0ms (20.0ms/21.0ms)
[2025-05-01T12:10:42.801+0100][gc,phases    ] GC(1)   Pre Evacuate Collection Set: 0.1ms
[2025-05-01T12:10:42.802+0100][gc,phases    ] GC(1)   Evacuate Collection Set: 23.7ms
[2025-05-01T12:10:42.802+0100][gc,phases    ] GC(1)   Post Evacuate Collection Set: 1.7ms
[2025-05-01T12:10:42.802+0100][gc,phases    ] GC(1)   Other: 0.6ms
[2025-05-01T12:10:42.802+0100][gc,heap      ] GC(1) Eden regions: 22->0(50)
[2025-05-01T12:10:42.802+0100][gc,heap      ] GC(1) Survivor regions: 7->1(7)
[2025-05-01T12:10:42.802+0100][gc,heap      ] GC(1) Old regions: 2->9
[2025-05-01T12:10:42.802+0100][gc,heap      ] GC(1) Humongous regions: 0->0
[2025-05-01T12:10:42.802+0100][gc,metaspace ] GC(1) Metaspace: 20642K(21248K)->20642K(21248K) NonClass: 17855K(18176K)->17855K(18176K) Class: 2786K(3072K)->2786K(3072K)
[2025-05-01T12:10:42.802+0100][gc           ] GC(1) Pause Young (Concurrent Start) (Metadata GC Threshold) 28M->8M(1024M) 26.253ms
[2025-05-01T12:10:42.802+0100][gc,cpu       ] GC(1) User=0.05s Sys=0.02s Real=0.02s
[2025-05-01T12:10:42.802+0100][gc           ] GC(2) Concurrent Cycle
[2025-05-01T12:10:42.802+0100][gc,marking   ] GC(2) Concurrent Clear Claimed Marks
[2025-05-01T12:10:42.802+0100][gc,marking   ] GC(2) Concurrent Clear Claimed Marks 0.413ms
[2025-05-01T12:10:42.802+0100][gc,marking   ] GC(2) Concurrent Scan Root Regions
[2025-05-01T12:10:42.805+0100][gc,marking   ] GC(2) Concurrent Scan Root Regions 2.534ms
[2025-05-01T12:10:42.805+0100][gc,marking   ] GC(2) Concurrent Mark (3.641s)
[2025-05-01T12:10:42.805+0100][gc,marking   ] GC(2) Concurrent Mark From Roots
[2025-05-01T12:10:42.806+0100][gc,task      ] GC(2) Using 1 workers of 1 for marking
[2025-05-01T12:10:42.828+0100][gc,marking   ] GC(2) Concurrent Mark From Roots 23.372ms
[2025-05-01T12:10:42.829+0100][gc,marking   ] GC(2) Concurrent Preclean
[2025-05-01T12:10:42.829+0100][gc,marking   ] GC(2) Concurrent Preclean 0.218ms
[2025-05-01T12:10:42.829+0100][gc,marking   ] GC(2) Concurrent Mark (3.641s, 3.664s) 23.674ms
[2025-05-01T12:10:42.830+0100][gc,start     ] GC(2) Pause Remark
[2025-05-01T12:10:42.837+0100][gc,stringtable] GC(2) Cleaned string and symbol table, strings: 5505 processed, 0 removed, symbols: 51250 processed, 54 removed
[2025-05-01T12:10:42.838+0100][gc            ] GC(2) Pause Remark 9M->9M(1024M) 8.380ms
[2025-05-01T12:10:42.838+0100][gc,cpu        ] GC(2) User=0.02s Sys=0.00s Real=0.01s
[2025-05-01T12:10:42.838+0100][gc,marking    ] GC(2) Concurrent Rebuild Remembered Sets
[2025-05-01T12:10:42.850+0100][gc,marking    ] GC(2) Concurrent Rebuild Remembered Sets 11.794ms
[2025-05-01T12:10:42.851+0100][gc,start      ] GC(2) Pause Cleanup
[2025-05-01T12:10:42.853+0100][gc            ] GC(2) Pause Cleanup 9M->9M(1024M) 1.558ms
[2025-05-01T12:10:42.853+0100][gc,cpu        ] GC(2) User=0.00s Sys=0.00s Real=0.00s
[2025-05-01T12:10:42.853+0100][gc,marking    ] GC(2) Concurrent Cleanup for Next Mark
[2025-05-01T12:10:42.888+0100][gc,marking    ] GC(2) Concurrent Cleanup for Next Mark 35.050ms
[2025-05-01T12:10:42.888+0100][gc            ] GC(2) Concurrent Cycle 85.810ms
[2025-05-01T12:10:43.195+0100][gc,heap,exit  ] Heap
[2025-05-01T12:10:43.195+0100][gc,heap,exit  ]  garbage-first heap   total 1048576K, used 14566K [0x00000000c0000000, 0x0000000100000000)
[2025-05-01T12:10:43.195+0100][gc,heap,exit  ]   region size 1024K, 8 young (8192K), 1 survivors (1024K)
[2025-05-01T12:10:43.195+0100][gc,heap,exit  ]  Metaspace       used 21605K, capacity 22282K, committed 22528K, reserved 1069056K
[2025-05-01T12:10:43.195+0100][gc,heap,exit  ]   class space    used 2959K, capacity 3277K, committed 3328K, reserved 1048576K
