[2025-05-01T11:47:26.433+0100][gc,heap] Heap region size: 1M
[2025-05-01T11:47:26.465+0100][gc     ] Using G1
[2025-05-01T11:47:26.465+0100][gc,heap,coops] Heap address: 0x00000000c0000000, size: 1024 MB, Compressed Oops mode: 32-bit
[2025-05-01T11:47:26.466+0100][gc,cds       ] Mark closed archive regions in map: [0x00000000fff00000, 0x00000000fff6bff8]
[2025-05-01T11:47:26.466+0100][gc,cds       ] Mark open archive regions in map: [0x00000000ffe00000, 0x00000000ffe47ff8]
[2025-05-01T11:47:29.115+0100][gc,start     ] GC(0) Pause Young (Normal) (G1 Evacuation Pause)
[2025-05-01T11:47:29.117+0100][gc,task      ] GC(0) Using 4 workers of 4 for evacuation
[2025-05-01T11:47:29.147+0100][gc,mmu       ] GC(0) MMU target violated: 21.0ms (20.0ms/21.0ms)
[2025-05-01T11:47:29.147+0100][gc,phases    ] GC(0)   Pre Evacuate Collection Set: 0.0ms
[2025-05-01T11:47:29.147+0100][gc,phases    ] GC(0)   Evacuate Collection Set: 28.9ms
[2025-05-01T11:47:29.147+0100][gc,phases    ] GC(0)   Post Evacuate Collection Set: 0.9ms
[2025-05-01T11:47:29.147+0100][gc,phases    ] GC(0)   Other: 1.8ms
[2025-05-01T11:47:29.147+0100][gc,heap      ] GC(0) Eden regions: 51->0(44)
[2025-05-01T11:47:29.147+0100][gc,heap      ] GC(0) Survivor regions: 0->7(7)
[2025-05-01T11:47:29.147+0100][gc,heap      ] GC(0) Old regions: 2->2
[2025-05-01T11:47:29.147+0100][gc,heap      ] GC(0) Humongous regions: 0->0
[2025-05-01T11:47:29.147+0100][gc,metaspace ] GC(0) Metaspace: 15227K(15872K)->15227K(15872K) NonClass: 13149K(13568K)->13149K(13568K) Class: 2078K(2304K)->2078K(2304K)
[2025-05-01T11:47:29.147+0100][gc           ] GC(0) Pause Young (Normal) (G1 Evacuation Pause) 51M->7M(1024M) 31.686ms
[2025-05-01T11:47:29.147+0100][gc,cpu       ] GC(0) User=0.09s Sys=0.02s Real=0.03s
[2025-05-01T11:47:29.991+0100][gc,start     ] GC(1) Pause Young (Concurrent Start) (Metadata GC Threshold)
[2025-05-01T11:47:29.992+0100][gc,task      ] GC(1) Using 4 workers of 4 for evacuation
[2025-05-01T11:47:30.024+0100][gc,mmu       ] GC(1) MMU target violated: 21.0ms (20.0ms/21.0ms)
[2025-05-01T11:47:30.024+0100][gc,phases    ] GC(1)   Pre Evacuate Collection Set: 0.1ms
[2025-05-01T11:47:30.024+0100][gc,phases    ] GC(1)   Evacuate Collection Set: 30.6ms
[2025-05-01T11:47:30.024+0100][gc,phases    ] GC(1)   Post Evacuate Collection Set: 1.4ms
[2025-05-01T11:47:30.024+0100][gc,phases    ] GC(1)   Other: 0.4ms
[2025-05-01T11:47:30.024+0100][gc,heap      ] GC(1) Eden regions: 22->0(49)
[2025-05-01T11:47:30.024+0100][gc,heap      ] GC(1) Survivor regions: 7->2(7)
[2025-05-01T11:47:30.024+0100][gc,heap      ] GC(1) Old regions: 2->9
[2025-05-01T11:47:30.024+0100][gc,heap      ] GC(1) Humongous regions: 0->0
[2025-05-01T11:47:30.024+0100][gc,metaspace ] GC(1) Metaspace: 20665K(21248K)->20665K(21248K) NonClass: 17873K(18176K)->17873K(18176K) Class: 2792K(3072K)->2792K(3072K)
[2025-05-01T11:47:30.024+0100][gc           ] GC(1) Pause Young (Concurrent Start) (Metadata GC Threshold) 29M->8M(1024M) 32.753ms
[2025-05-01T11:47:30.024+0100][gc,cpu       ] GC(1) User=0.08s Sys=0.03s Real=0.04s
[2025-05-01T11:47:30.024+0100][gc           ] GC(2) Concurrent Cycle
[2025-05-01T11:47:30.025+0100][gc,marking   ] GC(2) Concurrent Clear Claimed Marks
[2025-05-01T11:47:30.025+0100][gc,marking   ] GC(2) Concurrent Clear Claimed Marks 0.065ms
[2025-05-01T11:47:30.025+0100][gc,marking   ] GC(2) Concurrent Scan Root Regions
[2025-05-01T11:47:30.027+0100][gc,marking   ] GC(2) Concurrent Scan Root Regions 2.914ms
[2025-05-01T11:47:30.028+0100][gc,marking   ] GC(2) Concurrent Mark (3.606s)
[2025-05-01T11:47:30.028+0100][gc,marking   ] GC(2) Concurrent Mark From Roots
[2025-05-01T11:47:30.028+0100][gc,task      ] GC(2) Using 1 workers of 1 for marking
[2025-05-01T11:47:30.051+0100][gc,marking   ] GC(2) Concurrent Mark From Roots 23.242ms
[2025-05-01T11:47:30.051+0100][gc,marking   ] GC(2) Concurrent Preclean
[2025-05-01T11:47:30.051+0100][gc,marking   ] GC(2) Concurrent Preclean 0.230ms
[2025-05-01T11:47:30.051+0100][gc,marking   ] GC(2) Concurrent Mark (3.606s, 3.630s) 23.560ms
[2025-05-01T11:47:30.052+0100][gc,start     ] GC(2) Pause Remark
[2025-05-01T11:47:30.058+0100][gc,stringtable] GC(2) Cleaned string and symbol table, strings: 5591 processed, 0 removed, symbols: 51787 processed, 57 removed
[2025-05-01T11:47:30.059+0100][gc            ] GC(2) Pause Remark 8M->8M(1024M) 6.078ms
[2025-05-01T11:47:30.059+0100][gc,cpu        ] GC(2) User=0.01s Sys=0.00s Real=0.01s
[2025-05-01T11:47:30.059+0100][gc,marking    ] GC(2) Concurrent Rebuild Remembered Sets
[2025-05-01T11:47:30.071+0100][gc,marking    ] GC(2) Concurrent Rebuild Remembered Sets 11.582ms
[2025-05-01T11:47:30.071+0100][gc,start      ] GC(2) Pause Cleanup
[2025-05-01T11:47:30.072+0100][gc            ] GC(2) Pause Cleanup 9M->9M(1024M) 0.905ms
[2025-05-01T11:47:30.072+0100][gc,cpu        ] GC(2) User=0.00s Sys=0.00s Real=0.00s
[2025-05-01T11:47:30.072+0100][gc,marking    ] GC(2) Concurrent Cleanup for Next Mark
[2025-05-01T11:47:30.097+0100][gc,marking    ] GC(2) Concurrent Cleanup for Next Mark 24.053ms
[2025-05-01T11:47:30.097+0100][gc            ] GC(2) Concurrent Cycle 72.205ms
[2025-05-01T11:47:31.693+0100][gc,start      ] GC(3) Pause Young (Normal) (G1 Evacuation Pause)
[2025-05-01T11:47:31.693+0100][gc,task       ] GC(3) Using 4 workers of 4 for evacuation
[2025-05-01T11:47:31.706+0100][gc,phases     ] GC(3)   Pre Evacuate Collection Set: 0.3ms
[2025-05-01T11:47:31.706+0100][gc,phases     ] GC(3)   Evacuate Collection Set: 11.0ms
[2025-05-01T11:47:31.706+0100][gc,phases     ] GC(3)   Post Evacuate Collection Set: 1.3ms
[2025-05-01T11:47:31.706+0100][gc,phases     ] GC(3)   Other: 0.3ms
[2025-05-01T11:47:31.706+0100][gc,heap       ] GC(3) Eden regions: 49->0(46)
[2025-05-01T11:47:31.706+0100][gc,heap       ] GC(3) Survivor regions: 2->5(7)
[2025-05-01T11:47:31.706+0100][gc,heap       ] GC(3) Old regions: 9->9
[2025-05-01T11:47:31.706+0100][gc,heap       ] GC(3) Humongous regions: 129->129
[2025-05-01T11:47:31.706+0100][gc,metaspace  ] GC(3) Metaspace: 29132K(30336K)->29132K(30336K) NonClass: 25372K(26112K)->25372K(26112K) Class: 3759K(4224K)->3759K(4224K)
[2025-05-01T11:47:31.706+0100][gc            ] GC(3) Pause Young (Normal) (G1 Evacuation Pause) 186M->140M(1024M) 13.285ms
[2025-05-01T11:47:31.706+0100][gc,cpu        ] GC(3) User=0.04s Sys=0.00s Real=0.02s
[2025-05-01T11:47:32.416+0100][gc,start      ] GC(4) Pause Young (Concurrent Start) (Metadata GC Threshold)
[2025-05-01T11:47:32.416+0100][gc,task       ] GC(4) Using 4 workers of 4 for evacuation
[2025-05-01T11:47:32.430+0100][gc,phases     ] GC(4)   Pre Evacuate Collection Set: 0.1ms
[2025-05-01T11:47:32.430+0100][gc,phases     ] GC(4)   Evacuate Collection Set: 12.6ms
[2025-05-01T11:47:32.430+0100][gc,phases     ] GC(4)   Post Evacuate Collection Set: 0.6ms
[2025-05-01T11:47:32.430+0100][gc,phases     ] GC(4)   Other: 0.6ms
[2025-05-01T11:47:32.430+0100][gc,heap       ] GC(4) Eden regions: 25->0(45)
[2025-05-01T11:47:32.430+0100][gc,heap       ] GC(4) Survivor regions: 5->6(7)
[2025-05-01T11:47:32.430+0100][gc,heap       ] GC(4) Old regions: 9->10
[2025-05-01T11:47:32.430+0100][gc,heap       ] GC(4) Humongous regions: 129->129
[2025-05-01T11:47:32.430+0100][gc,metaspace  ] GC(4) Metaspace: 34454K(35840K)->34454K(35840K) NonClass: 30136K(30976K)->30136K(30976K) Class: 4318K(4864K)->4318K(4864K)
[2025-05-01T11:47:32.430+0100][gc            ] GC(4) Pause Young (Concurrent Start) (Metadata GC Threshold) 165M->142M(1024M) 14.015ms
[2025-05-01T11:47:32.430+0100][gc,cpu        ] GC(4) User=0.04s Sys=0.00s Real=0.01s
[2025-05-01T11:47:32.430+0100][gc            ] GC(5) Concurrent Cycle
[2025-05-01T11:47:32.430+0100][gc,marking    ] GC(5) Concurrent Clear Claimed Marks
[2025-05-01T11:47:32.430+0100][gc,marking    ] GC(5) Concurrent Clear Claimed Marks 0.119ms
[2025-05-01T11:47:32.430+0100][gc,marking    ] GC(5) Concurrent Scan Root Regions
[2025-05-01T11:47:32.441+0100][gc,marking    ] GC(5) Concurrent Scan Root Regions 10.362ms
[2025-05-01T11:47:32.441+0100][gc,marking    ] GC(5) Concurrent Mark (6.020s)
[2025-05-01T11:47:32.441+0100][gc,marking    ] GC(5) Concurrent Mark From Roots
[2025-05-01T11:47:32.441+0100][gc,task       ] GC(5) Using 1 workers of 1 for marking
[2025-05-01T11:47:32.490+0100][gc,marking    ] GC(5) Concurrent Mark From Roots 49.261ms
[2025-05-01T11:47:32.490+0100][gc,marking    ] GC(5) Concurrent Preclean
[2025-05-01T11:47:32.491+0100][gc,marking    ] GC(5) Concurrent Preclean 1.126ms
[2025-05-01T11:47:32.492+0100][gc,marking    ] GC(5) Concurrent Mark (6.020s, 6.070s) 50.711ms
[2025-05-01T11:47:32.492+0100][gc,start      ] GC(5) Pause Remark
[2025-05-01T11:47:32.499+0100][gc,stringtable] GC(5) Cleaned string and symbol table, strings: 11466 processed, 13 removed, symbols: 84511 processed, 17 removed
[2025-05-01T11:47:32.500+0100][gc            ] GC(5) Pause Remark 144M->144M(1024M) 8.324ms
[2025-05-01T11:47:32.500+0100][gc,cpu        ] GC(5) User=0.02s Sys=0.00s Real=0.01s
[2025-05-01T11:47:32.501+0100][gc,marking    ] GC(5) Concurrent Rebuild Remembered Sets
[2025-05-01T11:47:32.525+0100][gc,marking    ] GC(5) Concurrent Rebuild Remembered Sets 24.046ms
[2025-05-01T11:47:32.527+0100][gc,start      ] GC(5) Pause Cleanup
[2025-05-01T11:47:32.528+0100][gc            ] GC(5) Pause Cleanup 144M->144M(1024M) 0.808ms
[2025-05-01T11:47:32.528+0100][gc,cpu        ] GC(5) User=0.00s Sys=0.00s Real=0.00s
[2025-05-01T11:47:32.528+0100][gc,marking    ] GC(5) Concurrent Cleanup for Next Mark
[2025-05-01T11:47:32.598+0100][gc,marking    ] GC(5) Concurrent Cleanup for Next Mark 69.703ms
[2025-05-01T11:47:32.598+0100][gc            ] GC(5) Concurrent Cycle 167.526ms
[2025-05-01T11:47:35.830+0100][gc,start      ] GC(6) Pause Young (Normal) (G1 Evacuation Pause)
[2025-05-01T11:47:35.830+0100][gc,task       ] GC(6) Using 4 workers of 4 for evacuation
[2025-05-01T11:47:35.857+0100][gc,mmu        ] GC(6) MMU target violated: 21.0ms (20.0ms/21.0ms)
[2025-05-01T11:47:35.857+0100][gc,phases     ] GC(6)   Pre Evacuate Collection Set: 0.0ms
[2025-05-01T11:47:35.857+0100][gc,phases     ] GC(6)   Evacuate Collection Set: 23.7ms
[2025-05-01T11:47:35.857+0100][gc,phases     ] GC(6)   Post Evacuate Collection Set: 2.2ms
[2025-05-01T11:47:35.857+0100][gc,phases     ] GC(6)   Other: 0.5ms
[2025-05-01T11:47:35.857+0100][gc,heap       ] GC(6) Eden regions: 45->0(46)
[2025-05-01T11:47:35.857+0100][gc,heap       ] GC(6) Survivor regions: 6->5(7)
[2025-05-01T11:47:35.857+0100][gc,heap       ] GC(6) Old regions: 10->13
[2025-05-01T11:47:35.857+0100][gc,heap       ] GC(6) Humongous regions: 129->129
[2025-05-01T11:47:35.857+0100][gc,metaspace  ] GC(6) Metaspace: 40908K(43392K)->40908K(43392K) NonClass: 35329K(36608K)->35329K(36608K) Class: 5579K(6784K)->5579K(6784K)
[2025-05-01T11:47:35.857+0100][gc            ] GC(6) Pause Young (Normal) (G1 Evacuation Pause) 187M->144M(1024M) 26.521ms
[2025-05-01T11:47:35.857+0100][gc,cpu        ] GC(6) User=0.08s Sys=0.01s Real=0.03s
[2025-05-01T12:01:44.443+0100][gc,start      ] GC(7) Pause Young (Normal) (G1 Evacuation Pause)
[2025-05-01T12:01:44.444+0100][gc,task       ] GC(7) Using 4 workers of 4 for evacuation
[2025-05-01T12:01:44.463+0100][gc,phases     ] GC(7)   Pre Evacuate Collection Set: 0.2ms
[2025-05-01T12:01:44.463+0100][gc,phases     ] GC(7)   Evacuate Collection Set: 16.9ms
[2025-05-01T12:01:44.463+0100][gc,phases     ] GC(7)   Post Evacuate Collection Set: 2.1ms
[2025-05-01T12:01:44.463+0100][gc,phases     ] GC(7)   Other: 0.7ms
[2025-05-01T12:01:44.463+0100][gc,heap       ] GC(7) Eden regions: 46->0(45)
[2025-05-01T12:01:44.463+0100][gc,heap       ] GC(7) Survivor regions: 5->6(7)
[2025-05-01T12:01:44.463+0100][gc,heap       ] GC(7) Old regions: 13->15
[2025-05-01T12:01:44.463+0100][gc,heap       ] GC(7) Humongous regions: 129->129
[2025-05-01T12:01:44.463+0100][gc,metaspace  ] GC(7) Metaspace: 44719K(47488K)->44719K(47488K) NonClass: 38542K(39936K)->38542K(39936K) Class: 6176K(7552K)->6176K(7552K)
[2025-05-01T12:01:44.463+0100][gc            ] GC(7) Pause Young (Normal) (G1 Evacuation Pause) 190M->148M(1024M) 20.032ms
[2025-05-01T12:01:44.463+0100][gc,cpu        ] GC(7) User=0.05s Sys=0.01s Real=0.02s
[2025-05-01T12:15:26.042+0100][gc,start      ] GC(8) Pause Young (Normal) (G1 Evacuation Pause)
[2025-05-01T12:15:26.042+0100][gc,task       ] GC(8) Using 4 workers of 4 for evacuation
[2025-05-01T12:15:26.067+0100][gc,mmu        ] GC(8) MMU target violated: 21.0ms (20.0ms/21.0ms)
[2025-05-01T12:15:26.067+0100][gc,phases     ] GC(8)   Pre Evacuate Collection Set: 0.5ms
[2025-05-01T12:15:26.067+0100][gc,phases     ] GC(8)   Evacuate Collection Set: 22.1ms
[2025-05-01T12:15:26.067+0100][gc,phases     ] GC(8)   Post Evacuate Collection Set: 2.5ms
[2025-05-01T12:15:26.068+0100][gc,phases     ] GC(8)   Other: 0.8ms
[2025-05-01T12:15:26.068+0100][gc,heap       ] GC(8) Eden regions: 45->0(47)
[2025-05-01T12:15:26.068+0100][gc,heap       ] GC(8) Survivor regions: 6->4(7)
[2025-05-01T12:15:26.068+0100][gc,heap       ] GC(8) Old regions: 15->18
[2025-05-01T12:15:26.068+0100][gc,heap       ] GC(8) Humongous regions: 129->129
[2025-05-01T12:15:26.068+0100][gc,metaspace  ] GC(8) Metaspace: 44872K(47744K)->44872K(47744K) NonClass: 38689K(40192K)->38689K(40192K) Class: 6182K(7552K)->6182K(7552K)
[2025-05-01T12:15:26.068+0100][gc            ] GC(8) Pause Young (Normal) (G1 Evacuation Pause) 193M->148M(1024M) 25.940ms
[2025-05-01T12:15:26.068+0100][gc,cpu        ] GC(8) User=0.08s Sys=0.00s Real=0.03s
