[2025-05-01T12:30:41.471+0100][gc,heap] Heap region size: 1M
[2025-05-01T12:30:41.504+0100][gc     ] Using G1
[2025-05-01T12:30:41.504+0100][gc,heap,coops] Heap address: 0x00000000c0000000, size: 1024 MB, Compressed Oops mode: 32-bit
[2025-05-01T12:30:41.504+0100][gc,cds       ] Mark closed archive regions in map: [0x00000000fff00000, 0x00000000fff6bff8]
[2025-05-01T12:30:41.504+0100][gc,cds       ] Mark open archive regions in map: [0x00000000ffe00000, 0x00000000ffe47ff8]
[2025-05-01T12:30:44.193+0100][gc,start     ] GC(0) Pause Young (Normal) (G1 Evacuation Pause)
[2025-05-01T12:30:44.197+0100][gc,task      ] GC(0) Using 4 workers of 4 for evacuation
[2025-05-01T12:30:44.229+0100][gc,mmu       ] GC(0) MMU target violated: 21.0ms (20.0ms/21.0ms)
[2025-05-01T12:30:44.229+0100][gc,phases    ] GC(0)   Pre Evacuate Collection Set: 0.0ms
[2025-05-01T12:30:44.229+0100][gc,phases    ] GC(0)   Evacuate Collection Set: 30.5ms
[2025-05-01T12:30:44.229+0100][gc,phases    ] GC(0)   Post Evacuate Collection Set: 1.3ms
[2025-05-01T12:30:44.229+0100][gc,phases    ] GC(0)   Other: 4.1ms
[2025-05-01T12:30:44.229+0100][gc,heap      ] GC(0) Eden regions: 51->0(44)
[2025-05-01T12:30:44.229+0100][gc,heap      ] GC(0) Survivor regions: 0->7(7)
[2025-05-01T12:30:44.229+0100][gc,heap      ] GC(0) Old regions: 2->2
[2025-05-01T12:30:44.229+0100][gc,heap      ] GC(0) Humongous regions: 0->0
[2025-05-01T12:30:44.229+0100][gc,metaspace ] GC(0) Metaspace: 15231K(15872K)->15231K(15872K) NonClass: 13158K(13568K)->13158K(13568K) Class: 2072K(2304K)->2072K(2304K)
[2025-05-01T12:30:44.229+0100][gc           ] GC(0) Pause Young (Normal) (G1 Evacuation Pause) 51M->7M(1024M) 36.048ms
[2025-05-01T12:30:44.229+0100][gc,cpu       ] GC(0) User=0.06s Sys=0.01s Real=0.04s
[2025-05-01T12:30:45.120+0100][gc,start     ] GC(1) Pause Young (Concurrent Start) (Metadata GC Threshold)
[2025-05-01T12:30:45.120+0100][gc,task      ] GC(1) Using 4 workers of 4 for evacuation
[2025-05-01T12:30:45.153+0100][gc,mmu       ] GC(1) MMU target violated: 21.0ms (20.0ms/21.0ms)
[2025-05-01T12:30:45.153+0100][gc,phases    ] GC(1)   Pre Evacuate Collection Set: 0.1ms
[2025-05-01T12:30:45.153+0100][gc,phases    ] GC(1)   Evacuate Collection Set: 31.1ms
[2025-05-01T12:30:45.153+0100][gc,phases    ] GC(1)   Post Evacuate Collection Set: 1.9ms
[2025-05-01T12:30:45.153+0100][gc,phases    ] GC(1)   Other: 0.8ms
[2025-05-01T12:30:45.153+0100][gc,heap      ] GC(1) Eden regions: 22->0(50)
[2025-05-01T12:30:45.153+0100][gc,heap      ] GC(1) Survivor regions: 7->1(7)
[2025-05-01T12:30:45.153+0100][gc,heap      ] GC(1) Old regions: 2->9
[2025-05-01T12:30:45.154+0100][gc,heap      ] GC(1) Humongous regions: 0->0
[2025-05-01T12:30:45.154+0100][gc,metaspace ] GC(1) Metaspace: 20651K(21296K)->20651K(21296K) NonClass: 17864K(18224K)->17864K(18224K) Class: 2786K(3072K)->2786K(3072K)
[2025-05-01T12:30:45.154+0100][gc           ] GC(1) Pause Young (Concurrent Start) (Metadata GC Threshold) 28M->8M(1024M) 33.978ms
[2025-05-01T12:30:45.154+0100][gc,cpu       ] GC(1) User=0.07s Sys=0.02s Real=0.03s
[2025-05-01T12:30:45.154+0100][gc           ] GC(2) Concurrent Cycle
[2025-05-01T12:30:45.154+0100][gc,marking   ] GC(2) Concurrent Clear Claimed Marks
[2025-05-01T12:30:45.154+0100][gc,marking   ] GC(2) Concurrent Clear Claimed Marks 0.156ms
[2025-05-01T12:30:45.154+0100][gc,marking   ] GC(2) Concurrent Scan Root Regions
[2025-05-01T12:30:45.159+0100][gc,marking   ] GC(2) Concurrent Scan Root Regions 4.347ms
[2025-05-01T12:30:45.159+0100][gc,marking   ] GC(2) Concurrent Mark (3.699s)
[2025-05-01T12:30:45.164+0100][gc,marking   ] GC(2) Concurrent Mark From Roots
[2025-05-01T12:30:45.164+0100][gc,task      ] GC(2) Using 1 workers of 1 for marking
[2025-05-01T12:30:45.193+0100][gc,marking   ] GC(2) Concurrent Mark From Roots 28.486ms
[2025-05-01T12:30:45.193+0100][gc,marking   ] GC(2) Concurrent Preclean
[2025-05-01T12:30:45.193+0100][gc,marking   ] GC(2) Concurrent Preclean 0.188ms
[2025-05-01T12:30:45.193+0100][gc,marking   ] GC(2) Concurrent Mark (3.699s, 3.734s) 34.461ms
[2025-05-01T12:30:45.197+0100][gc,start     ] GC(2) Pause Remark
[2025-05-01T12:30:45.203+0100][gc,stringtable] GC(2) Cleaned string and symbol table, strings: 5530 processed, 0 removed, symbols: 51311 processed, 54 removed
[2025-05-01T12:30:45.204+0100][gc            ] GC(2) Pause Remark 9M->9M(1024M) 7.702ms
[2025-05-01T12:30:45.204+0100][gc,cpu        ] GC(2) User=0.02s Sys=0.00s Real=0.01s
[2025-05-01T12:30:45.205+0100][gc,marking    ] GC(2) Concurrent Rebuild Remembered Sets
[2025-05-01T12:30:45.218+0100][gc,marking    ] GC(2) Concurrent Rebuild Remembered Sets 13.343ms
[2025-05-01T12:30:45.219+0100][gc,start      ] GC(2) Pause Cleanup
[2025-05-01T12:30:45.223+0100][gc            ] GC(2) Pause Cleanup 9M->9M(1024M) 3.648ms
[2025-05-01T12:30:45.223+0100][gc,cpu        ] GC(2) User=0.00s Sys=0.00s Real=0.00s
[2025-05-01T12:30:45.223+0100][gc,marking    ] GC(2) Concurrent Cleanup for Next Mark
[2025-05-01T12:30:45.256+0100][gc,marking    ] GC(2) Concurrent Cleanup for Next Mark 33.494ms
[2025-05-01T12:30:45.256+0100][gc            ] GC(2) Concurrent Cycle 102.700ms
[2025-05-01T12:30:47.725+0100][gc,start      ] GC(3) Pause Young (Normal) (G1 Evacuation Pause)
[2025-05-01T12:30:47.725+0100][gc,task       ] GC(3) Using 4 workers of 4 for evacuation
[2025-05-01T12:30:47.735+0100][gc,phases     ] GC(3)   Pre Evacuate Collection Set: 0.0ms
[2025-05-01T12:30:47.735+0100][gc,phases     ] GC(3)   Evacuate Collection Set: 7.7ms
[2025-05-01T12:30:47.735+0100][gc,phases     ] GC(3)   Post Evacuate Collection Set: 2.0ms
[2025-05-01T12:30:47.735+0100][gc,phases     ] GC(3)   Other: 0.6ms
[2025-05-01T12:30:47.735+0100][gc,heap       ] GC(3) Eden regions: 50->0(47)
[2025-05-01T12:30:47.735+0100][gc,heap       ] GC(3) Survivor regions: 1->4(7)
[2025-05-01T12:30:47.735+0100][gc,heap       ] GC(3) Old regions: 9->9
[2025-05-01T12:30:47.735+0100][gc,heap       ] GC(3) Humongous regions: 129->129
[2025-05-01T12:30:47.735+0100][gc,metaspace  ] GC(3) Metaspace: 29566K(30720K)->29566K(30720K) NonClass: 25779K(26368K)->25779K(26368K) Class: 3787K(4352K)->3787K(4352K)
[2025-05-01T12:30:47.735+0100][gc            ] GC(3) Pause Young (Normal) (G1 Evacuation Pause) 187M->139M(1024M) 10.369ms
[2025-05-01T12:30:47.736+0100][gc,cpu        ] GC(3) User=0.03s Sys=0.00s Real=0.01s
[2025-05-01T12:30:49.157+0100][gc,heap,exit  ] Heap
[2025-05-01T12:30:49.157+0100][gc,heap,exit  ]  garbage-first heap   total 1048576K, used 178710K [0x00000000c0000000, 0x0000000100000000)
[2025-05-01T12:30:49.157+0100][gc,heap,exit  ]   region size 1024K, 40 young (40960K), 4 survivors (4096K)
[2025-05-01T12:30:49.157+0100][gc,heap,exit  ]  Metaspace       used 34126K, capacity 35517K, committed 35712K, reserved 1079296K
[2025-05-01T12:30:49.157+0100][gc,heap,exit  ]   class space    used 4531K, capacity 5178K, committed 5248K, reserved 1048576K
