[2025-05-01T12:09:17.550+0100][gc,heap] Heap region size: 1M
[2025-05-01T12:09:17.580+0100][gc     ] Using G1
[2025-05-01T12:09:17.580+0100][gc,heap,coops] Heap address: 0x00000000c0000000, size: 1024 MB, Compressed Oops mode: 32-bit
[2025-05-01T12:09:17.581+0100][gc,cds       ] Mark closed archive regions in map: [0x00000000fff00000, 0x00000000fff6bff8]
[2025-05-01T12:09:17.581+0100][gc,cds       ] Mark open archive regions in map: [0x00000000ffe00000, 0x00000000ffe47ff8]
[2025-05-01T12:09:20.122+0100][gc,start     ] GC(0) Pause Young (Normal) (G1 Evacuation Pause)
[2025-05-01T12:09:20.124+0100][gc,task      ] GC(0) Using 4 workers of 4 for evacuation
[2025-05-01T12:09:20.147+0100][gc,mmu       ] GC(0) MMU target violated: 21.0ms (20.0ms/21.0ms)
[2025-05-01T12:09:20.147+0100][gc,phases    ] GC(0)   Pre Evacuate Collection Set: 0.1ms
[2025-05-01T12:09:20.147+0100][gc,phases    ] GC(0)   Evacuate Collection Set: 21.2ms
[2025-05-01T12:09:20.147+0100][gc,phases    ] GC(0)   Post Evacuate Collection Set: 1.2ms
[2025-05-01T12:09:20.147+0100][gc,phases    ] GC(0)   Other: 2.7ms
[2025-05-01T12:09:20.147+0100][gc,heap      ] GC(0) Eden regions: 51->0(44)
[2025-05-01T12:09:20.147+0100][gc,heap      ] GC(0) Survivor regions: 0->7(7)
[2025-05-01T12:09:20.147+0100][gc,heap      ] GC(0) Old regions: 2->2
[2025-05-01T12:09:20.147+0100][gc,heap      ] GC(0) Humongous regions: 0->0
[2025-05-01T12:09:20.147+0100][gc,metaspace ] GC(0) Metaspace: 15270K(15872K)->15270K(15872K) NonClass: 13189K(13568K)->13189K(13568K) Class: 2081K(2304K)->2081K(2304K)
[2025-05-01T12:09:20.147+0100][gc           ] GC(0) Pause Young (Normal) (G1 Evacuation Pause) 51M->7M(1024M) 25.431ms
[2025-05-01T12:09:20.147+0100][gc,cpu       ] GC(0) User=0.06s Sys=0.02s Real=0.03s
[2025-05-01T12:09:20.846+0100][gc,start     ] GC(1) Pause Young (Concurrent Start) (Metadata GC Threshold)
[2025-05-01T12:09:20.846+0100][gc,task      ] GC(1) Using 4 workers of 4 for evacuation
[2025-05-01T12:09:20.877+0100][gc,mmu       ] GC(1) MMU target violated: 21.0ms (20.0ms/21.0ms)
[2025-05-01T12:09:20.877+0100][gc,phases    ] GC(1)   Pre Evacuate Collection Set: 0.1ms
[2025-05-01T12:09:20.877+0100][gc,phases    ] GC(1)   Evacuate Collection Set: 28.7ms
[2025-05-01T12:09:20.877+0100][gc,phases    ] GC(1)   Post Evacuate Collection Set: 1.1ms
[2025-05-01T12:09:20.877+0100][gc,phases    ] GC(1)   Other: 0.8ms
[2025-05-01T12:09:20.877+0100][gc,heap      ] GC(1) Eden regions: 22->0(50)
[2025-05-01T12:09:20.877+0100][gc,heap      ] GC(1) Survivor regions: 7->1(7)
[2025-05-01T12:09:20.877+0100][gc,heap      ] GC(1) Old regions: 2->9
[2025-05-01T12:09:20.877+0100][gc,heap      ] GC(1) Humongous regions: 0->0
[2025-05-01T12:09:20.877+0100][gc,metaspace ] GC(1) Metaspace: 20668K(21296K)->20668K(21296K) NonClass: 17876K(18224K)->17876K(18224K) Class: 2792K(3072K)->2792K(3072K)
[2025-05-01T12:09:20.877+0100][gc           ] GC(1) Pause Young (Concurrent Start) (Metadata GC Threshold) 28M->8M(1024M) 30.677ms
[2025-05-01T12:09:20.877+0100][gc,cpu       ] GC(1) User=0.06s Sys=0.02s Real=0.03s
[2025-05-01T12:09:20.877+0100][gc           ] GC(2) Concurrent Cycle
[2025-05-01T12:09:20.877+0100][gc,marking   ] GC(2) Concurrent Clear Claimed Marks
[2025-05-01T12:09:20.877+0100][gc,marking   ] GC(2) Concurrent Clear Claimed Marks 0.066ms
[2025-05-01T12:09:20.877+0100][gc,marking   ] GC(2) Concurrent Scan Root Regions
[2025-05-01T12:09:20.881+0100][gc,marking   ] GC(2) Concurrent Scan Root Regions 4.008ms
[2025-05-01T12:09:20.881+0100][gc,marking   ] GC(2) Concurrent Mark (3.343s)
[2025-05-01T12:09:20.881+0100][gc,marking   ] GC(2) Concurrent Mark From Roots
[2025-05-01T12:09:20.881+0100][gc,task      ] GC(2) Using 1 workers of 1 for marking
[2025-05-01T12:09:20.912+0100][gc,marking   ] GC(2) Concurrent Mark From Roots 31.187ms
[2025-05-01T12:09:20.912+0100][gc,marking   ] GC(2) Concurrent Preclean
[2025-05-01T12:09:20.913+0100][gc,marking   ] GC(2) Concurrent Preclean 0.245ms
[2025-05-01T12:09:20.913+0100][gc,marking   ] GC(2) Concurrent Mark (3.343s, 3.375s) 31.566ms
[2025-05-01T12:09:20.913+0100][gc,start     ] GC(2) Pause Remark
[2025-05-01T12:09:20.919+0100][gc,stringtable] GC(2) Cleaned string and symbol table, strings: 5539 processed, 0 removed, symbols: 51475 processed, 54 removed
[2025-05-01T12:09:20.921+0100][gc            ] GC(2) Pause Remark 8M->8M(1024M) 7.447ms
[2025-05-01T12:09:20.921+0100][gc,cpu        ] GC(2) User=0.02s Sys=0.01s Real=0.01s
[2025-05-01T12:09:20.921+0100][gc,marking    ] GC(2) Concurrent Rebuild Remembered Sets
[2025-05-01T12:09:20.934+0100][gc,marking    ] GC(2) Concurrent Rebuild Remembered Sets 12.208ms
[2025-05-01T12:09:20.934+0100][gc,start      ] GC(2) Pause Cleanup
[2025-05-01T12:09:20.935+0100][gc            ] GC(2) Pause Cleanup 9M->9M(1024M) 0.750ms
[2025-05-01T12:09:20.935+0100][gc,cpu        ] GC(2) User=0.00s Sys=0.00s Real=0.00s
[2025-05-01T12:09:20.935+0100][gc,marking    ] GC(2) Concurrent Cleanup for Next Mark
[2025-05-01T12:09:20.968+0100][gc,marking    ] GC(2) Concurrent Cleanup for Next Mark 32.740ms
[2025-05-01T12:09:20.968+0100][gc            ] GC(2) Concurrent Cycle 91.041ms
[2025-05-01T12:09:21.273+0100][gc,heap,exit  ] Heap
[2025-05-01T12:09:21.273+0100][gc,heap,exit  ]  garbage-first heap   total 1048576K, used 14730K [0x00000000c0000000, 0x0000000100000000)
[2025-05-01T12:09:21.273+0100][gc,heap,exit  ]   region size 1024K, 8 young (8192K), 1 survivors (1024K)
[2025-05-01T12:09:21.273+0100][gc,heap,exit  ]  Metaspace       used 21625K, capacity 22267K, committed 22524K, reserved 1069056K
[2025-05-01T12:09:21.273+0100][gc,heap,exit  ]   class space    used 2959K, capacity 3277K, committed 3324K, reserved 1048576K
