[2025-05-01T11:37:09.696+0100][gc,heap] Heap region size: 1M
[2025-05-01T11:37:09.714+0100][gc     ] Using G1
[2025-05-01T11:37:09.714+0100][gc,heap,coops] Heap address: 0x00000000e0000000, size: 512 MB, Compressed Oops mode: 32-bit
[2025-05-01T11:37:09.715+0100][gc,cds       ] Mark closed archive regions in map: [0x00000000fff00000, 0x00000000fff6bff8]
[2025-05-01T11:37:09.715+0100][gc,cds       ] Mark open archive regions in map: [0x00000000ffe00000, 0x00000000ffe47ff8]
[2025-05-01T11:37:11.761+0100][gc,heap,exit ] Heap
[2025-05-01T11:37:11.761+0100][gc,heap,exit ]  garbage-first heap   total 524288K, used 23248K [0x00000000e0000000, 0x0000000100000000)
[2025-05-01T11:37:11.761+0100][gc,heap,exit ]   region size 1024K, 23 young (23552K), 0 survivors (0K)
[2025-05-01T11:37:11.761+0100][gc,heap,exit ]  Metaspace       used 7274K, capacity 7622K, committed 7936K, reserved 1056768K
[2025-05-01T11:37:11.761+0100][gc,heap,exit ]   class space    used 820K, capacity 954K, committed 1024K, reserved 1048576K
