[2025-05-01T11:42:48.269+0100][gc,heap] Heap region size: 1M
[2025-05-01T11:42:48.289+0100][gc     ] Using G1
[2025-05-01T11:42:48.289+0100][gc,heap,coops] Heap address: 0x00000000e0000000, size: 512 MB, Compressed Oops mode: 32-bit
[2025-05-01T11:42:48.290+0100][gc,cds       ] Mark closed archive regions in map: [0x00000000fff00000, 0x00000000fff6bff8]
[2025-05-01T11:42:48.290+0100][gc,cds       ] Mark open archive regions in map: [0x00000000ffe00000, 0x00000000ffe47ff8]
[2025-05-01T11:42:49.825+0100][gc,start     ] GC(0) Pause Young (Normal) (G1 Evacuation Pause)
[2025-05-01T11:42:49.827+0100][gc,task      ] GC(0) Using 4 workers of 4 for evacuation
[2025-05-01T11:42:49.852+0100][gc,mmu       ] GC(0) MMU target violated: 21.0ms (20.0ms/21.0ms)
[2025-05-01T11:42:49.852+0100][gc,phases    ] GC(0)   Pre Evacuate Collection Set: 0.0ms
[2025-05-01T11:42:49.852+0100][gc,phases    ] GC(0)   Evacuate Collection Set: 22.6ms
[2025-05-01T11:42:49.852+0100][gc,phases    ] GC(0)   Post Evacuate Collection Set: 2.2ms
[2025-05-01T11:42:49.852+0100][gc,phases    ] GC(0)   Other: 2.2ms
[2025-05-01T11:42:49.852+0100][gc,heap      ] GC(0) Eden regions: 25->0(21)
[2025-05-01T11:42:49.852+0100][gc,heap      ] GC(0) Survivor regions: 0->4(4)
[2025-05-01T11:42:49.852+0100][gc,heap      ] GC(0) Old regions: 2->6
[2025-05-01T11:42:49.852+0100][gc,heap      ] GC(0) Humongous regions: 0->0
[2025-05-01T11:42:49.852+0100][gc,metaspace ] GC(0) Metaspace: 7739K(8192K)->7739K(8192K) NonClass: 6879K(7168K)->6879K(7168K) Class: 859K(1024K)->859K(1024K)
[2025-05-01T11:42:49.852+0100][gc           ] GC(0) Pause Young (Normal) (G1 Evacuation Pause) 25M->7M(512M) 27.410ms
[2025-05-01T11:42:49.852+0100][gc,cpu       ] GC(0) User=0.06s Sys=0.02s Real=0.02s
[2025-05-01T12:19:17.527+0100][gc,heap,exit ] Heap
[2025-05-01T12:19:17.527+0100][gc,heap,exit ]  garbage-first heap   total 524288K, used 21368K [0x00000000e0000000, 0x0000000100000000)
[2025-05-01T12:19:17.527+0100][gc,heap,exit ]   region size 1024K, 18 young (18432K), 4 survivors (4096K)
[2025-05-01T12:19:17.527+0100][gc,heap,exit ]  Metaspace       used 9382K, capacity 9771K, committed 9856K, reserved 1058816K
[2025-05-01T12:19:17.527+0100][gc,heap,exit ]   class space    used 983K, capacity 1120K, committed 1152K, reserved 1048576K
